ts Jï¿½Kï¿½ï¿½.1[0m
[0;32mI (ï¿½ets Jul 29 2019 12:21:46

rst:0x1 (POWERON_RESET),boot:0x13 (SPI_FAST_FLASH_BOOT)
configsip: 0, SPIWP:0xee
clk_drv:0x00,q_drv:0x00,d_drv:0x00,cs0_drv:0x00,hd_drv:0x00,wp_drv:0x00
mode:DIO, clock div:2
load:0x3fff0030,len:7116
ho 0 tail 12 room 4
load:0x40078000,len:15624
ho 0 tail 12 room 4
load:0x40080400,len:4
load:0x40080404,len:3876
entry 0x4008064c
[0;32mI (33) boot: ESP-IDF v5.1.4-dirty 2nd stage bootloader[0m
[0;32mI (33) boot: compile time Nov  1 2024 18:13:56[0m
[0;32mI (33) boot: Multicore bootloader[0m
[0;32mI (38) boot: chip revision: v3.1[0m
[0;32mI (42) boot.esp32: SPI Speed      : 40MHz[0m
[0;32mI (46) boot.esp32: SPI Mode       : DIO[0m
[0;32mI (51) boot.esp32: SPI Flash Size : 2MB[0m
[0;32mI (55) boot: Enabling RNG early entropy source...[0m
[0;32mI (61) boot: Partition Table:[0m
[0;32mI (64) boot: ## Label            Usage          Type ST Offset   Length[0m
[0;32mI (72) boot:  0 nvs              WiFi data        01 02 00009000 00006000[0m
[0;32mI (79) boot:  1 phy_init         RF data          01 01 0000f000 00001000[0m
[0;32mI (86) boot:  2 factory          factory app      00 00 00010000 00100000[0m
[0;32mI (94) boot: End of partition table[0m
[0;32mI (98) esp_image: segment 0: paddr=00010020 vaddr=3f400020 size=258c8h (153800) map[0m
[0;32mI (162) esp_image: segment 1: paddr=000358f0 vaddr=3ffb0000 size=03c2ch ( 15404) load[0m
[0;32mI (169) esp_image: segment 2: paddr=00039524 vaddr=40080000 size=06af4h ( 27380) load[0m
[0;32mI (180) esp_image: segment 3: paddr=00040020 vaddr=400d0020 size=9c2c0h (639680) map[0m
[0;32mI (411) esp_image: segment 4: paddr=000dc2e8 vaddr=40086af4 size=109b4h ( 68020) load[0m
[0;32mI (451) boot: Loaded app from partition at offset 0x10000[0m
[0;32mI (452) boot: Disabling RNG early entropy source...[0m
[0;32mI (463) cpu_start: Multicore app[0m
[0;32mI (463) cpu_start: Pro cpu up.[0m
[0;32mI (464) cpu_start: Starting app cpu, entry point is 0x40081498[0m
[0;32mI (0) cpu_start: App cpu up.[0m
[0;32mI (481) cpu_start: Pro cpu start user code[0m
[0;32mI (481) cpu_start: cpu freq: 160000000 Hz[0m
[0;32mI (481) cpu_start: Application information:[0m
[0;32mI (486) cpu_start: Project name:     air_sense[0m
[0;32mI (491) cpu_start: App version:      1[0m
[0;32mI (496) cpu_start: Compile time:     Nov  1 2024 18:13:40[0m
[0;32mI (502) cpu_start: ELF file SHA256:  ebe0417935153181...[0m
[0;32mI (508) cpu_start: ESP-IDF:          v5.1.4-dirty[0m
[0;32mI (513) cpu_start: Min chip rev:     v0.0[0m
[0;32mI (518) cpu_start: Max chip rev:     v3.99 [0m
[0;32mI (523) cpu_start: Chip rev:         v3.1[0m
[0;32mI (528) heap_init: Initializing. RAM available for dynamic allocation:[0m
[0;32mI (535) heap_init: At 3FFAE6E0 len 00001920 (6 KiB): DRAM[0m
[0;32mI (541) heap_init: At 3FFB82D0 len 00027D30 (159 KiB): DRAM[0m
[0;32mI (547) heap_init: At 3FFE0440 len 00003AE0 (14 KiB): D/IRAM[0m
[0;32mI (553) heap_init: At 3FFE4350 len 0001BCB0 (111 KiB): D/IRAM[0m
[0;32mI (560) heap_init: At 400974A8 len 00008B58 (34 KiB): IRAM[0m
[0;32mI (567) spi_flash: detected chip: generic[0m
[0;32mI (571) spi_flash: flash io: dio[0m
[0;33mW (574) spi_flash: Detected size(4096k) larger than the size in the binary image header(2048k). Using the size in the binary image header.[0m
[0;32mI (589) app_start: Starting scheduler on CPU0[0m
[0;32mI (593) app_start: Starting scheduler on CPU1[0m
[0;32mI (593) main_task: Started on CPU0[0m
[0;32mI (603) main_task: Calling app_main()[0m
I (653) wifi:wifi driver task: 3ffc0248, prio:23, stack:6656, core=0
I (663) wifi:wifi firmware version: 3ce09e5
I (673) wifi:wifi certification version: v7.0
I (673) wifi:config NVS flash: enabled
I (673) wifi:config nano formating: disabled
I (673) wifi:Init data frame dynamic rx buffer num: 32
I (673) wifi:Init static rx mgmt buffer num: 5
I (683) wifi:Init management short buffer num: 32
I (683) wifi:Init dynamic tx buffer num: 32
I (693) wifi:Init static rx buffer size: 1600
I (693) wifi:Init static rx buffer num: 10
I (693) wifi:Init dynamic rx buffer num: 32
[0;32mI (703) wifi_init: rx ba win: 6[0m
[0;32mI (703) wifi_init: tcpip mbox: 32[0m
[0;32mI (713) wifi_init: udp mbox: 6[0m
[0;32mI (713) wifi_init: tcp mbox: 6[0m
[0;32mI (713) wifi_init: tcp tx win: 5760[0m
[0;32mI (723) wifi_init: tcp rx win: 5760[0m
[0;32mI (723) wifi_init: tcp mss: 1440[0m
[0;32mI (733) wifi_init: WiFi IRAM OP enabled[0m
[0;32mI (733) wifi_init: WiFi RX IRAM OP enabled[0m
[0;32mI (743) phy_init: phy_version 4791,2c4672b,Dec 20 2023,16:06:06[0m
I (833) wifi:mode : sta (10:06:1c:86:c0:88)
I (833) wifi:enable tsf
[0;31mE (843) esp-tls: couldn't get hostname for :thingsboard.cloud: getaddrinfo() returns 202, addrinfo=0x0[0m
[0;31mE (843) transport_base: Failed to open a new connection: 32769[0m
[0;31mE (853) mqtt_client: Error transport connect[0m
[0;32mI (853) mqtt_thingsboard: MQTT_EVENT_DISCONNECTED[0m
[0;32mI (873) BME280: BME280 initialized successfully[0m
[0;32mI (873) BME280: Temperature: 26.83 C, Pressure: 1009.00 hPa, Humidity: 54.66 %[0m
Temperature: 26.83 C, Humidity: 54.66 %, Pressure: 1009.00 hPa
[0;32mI (2883) BME280: Temperature: 26.82 C, Pressure: 1008.98 hPa, Humidity: 54.59 %[0m
Temperature: 26.82 C, Humidity: 54.59 %, Pressure: 1008.98 hPa
[0;32mI (3253) wifi: Disconnected. Connecting to the AP again...[0m
[0;32mI (4883) BME280: Temperature: 26.81 C, Pressure: 1009.00 hPa, Humidity: 54.49 %[0m
Temperature: 26.81 C, Humidity: 54.49 %, Pressure: 1009.00 hPa
[0;32mI (5673) wifi: Disconnected. Connecting to the AP again...[0m
[0;32mI (6883) BME280: Temperature: 26.81 C, Pressure: 1008.98 hPa, Humidity: 54.45 %[0m
Temperature: 26.81 C, Humidity: 54.45 %, Pressure: 1008.98 hPa
[0;32mI (8083) wifi: Disconnected. Connecting to the AP again...[0m
[0;32mI (8883) BME280: Temperature: 26.81 C, Pressure: 1008.98 hPa, Humidity: 54.64 %[0m
Temperature: 26.81 C, Humidity: 54.64 %, Pressure: 1008.98 hPa
[0;32mI (10503) wifi: Disconnected. Connecting to the AP again...[0m
[0;32mI (10883) BME280: Temperature: 26.82 C, Pressure: 1008.90 hPa, Humidity: 54.55 %[0m
Temperature: 26.82 C, Humidity: 54.55 %, Pressure: 1008.90 hPa
[0;32mI (12883) BME280: Temperature: 26.83 C, Pressure: 1008.97 hPa, Humidity: 54.52 %[0m
Temperature: 26.83 C, Humidity: 54.52 %, Pressure: 1008.97 hPa
[0;32mI (12913) wifi: Disconnected. Connecting to the AP again...[0m
[0;32mI (14883) BME280: Temperature: 26.84 C, Pressure: 1008.92 hPa, Humidity: 54.54 %[0m
Temperature: 26.84 C, Humidity: 54.54 %, Pressure: 1008.92 hPa
[0;32mI (15333) wifi: Disconnected. Connecting to the AP again...[0m
[0;31mE (15863) esp-tls: couldn't get hostname for :thingsboard.cloud: getaddrinfo() returns 202, addrinfo=0x0[0m
[0;31mE (15863) transport_base: Failed to open a new connection: 32769[0m
[0;31mE (15863) mqtt_client: Error transport connect[0m
[0;32mI (15873) mqtt_thingsboard: MQTT_EVENT_DISCONNECTED[0m
[0;32mI (16883) BME280: Temperature: 26.84 C, Pressure: 1008.96 hPa, Humidity: 54.49 %[0m
Temperature: 26.84 C, Humidity: 54.49 %, Pressure: 1008.96 hPa
[0;32mI (17743) wifi: Disconnected. Connecting to the AP again...[0m
[0;32mI (18883) BME280: Temperature: 26.85 C, Pressure: 1009.04 hPa, Humidity: 54.55 %[0m
Temperature: 26.85 C, Humidity: 54.55 %, Pressure: 1009.04 hPa
[0;32mI (20153) wifi: Disconnected. Connecting to the AP again...[0m
[0;32mI (20883) BME280: Temperature: 26.83 C, Pressure: 1008.96 hPa, Humidity: 54.75 %[0m
Temperature: 26.83 C, Humidity: 54.75 %, Pressure: 1008.96 hPa
[0;32mI (22573) wifi: Disconnected. Connecting to the AP again...[0m
[0;32mI (22883) BME280: Temperature: 26.85 C, Pressure: 1008.95 hPa, Humidity: 54.93 %[0m
Temperature: 26.85 C, Humidity: 54.93 %, Pressure: 1008.95 hPa
[0;32mI (24883) BME280: Temperature: 26.85 C, Pressure: 1008.93 hPa, Humidity: 55.09 %[0m
Temperature: 26.85 C, Humidity: 55.09 %, Pressure: 1008.93 hPa
[0;32mI (24983) wifi: Disconnected. Connecting to the AP again...[0m
[0;32mI (26883) BME280: Temperature: 26.86 C, Pressure: 1009.00 hPa, Humidity: 55.27 %[0m
Temperature: 26.86 C, Humidity: 55.27 %, Pressure: 1009.00 hPa
[0;32mI (27403) wifi: Disconnected. Connecting to the AP again...[0m
[0;32mI (28883) BME280: Temperature: 26.86 C, Pressure: 1008.95 hPa, Humidity: 55.50 %[0m
Temperature: 26.86 C, Humidity: 55.50 %, Pressure: 1008.95 hPa
[0;32mI (29813) wifi: Disconnected. Connecting to the AP again...[0m
[0;31mE (30873) esp-tls: couldn't get hostname for :thingsboard.cloud: getaddrinfo() returns 202, addrinfo=0x0[0m
[0;31mE (30873) transport_base: Failed to open a new connection: 32769[0m
[0;31mE (30873) mqtt_client: Error transport connect[0m
[0;32mI (30883) mqtt_thingsboard: MQTT_EVENT_DISCONNECTED[0m
[0;32mI (30883) BME280: Temperature: 26.87 C, Pressure: 1008.91 hPa, Humidity: 55.85 %[0m
Temperature: 26.87 C, Humidity: 55.85 %, Pressure: 1008.91 hPa
[0;32mI (32233) wifi: Disconnected. Connecting to the AP again...[0m
[0;32mI (32903) BME280: Temperature: 26.89 C, Pressure: 1008.97 hPa, Humidity: 55.79 %[0m
Temperature: 26.89 C, Humidity: 55.79 %, Pressure: 1008.97 hPa
[0;32mI (34643) wifi: Disconnected. Connecting to the AP again...[0m
[0;32mI (34903) BME280: Temperature: 26.90 C, Pressure: 1008.96 hPa, Humidity: 55.94 %[0m
Temperature: 26.90 C, Humidity: 55.94 %, Pressure: 1008.96 hPa
[0;32mI (36903) BME280: Temperature: 26.92 C, Pressure: 1008.95 hPa, Humidity: 55.96 %[0m
Temperature: 26.92 C, Humidity: 55.96 %, Pressure: 1008.95 hPa
[0;32mI (37063) wifi: Disconnected. Connecting to the AP again...[0m
[0;32mI (38903) BME280: Temperature: 26.93 C, Pressure: 1008.98 hPa, Humidity: 55.90 %[0m
Temperature: 26.93 C, Humidity: 55.90 %, Pressure: 1008.98 hPa
[0;32mI (39473) wifi: Disconnected. Connecting to the AP again...[0m
[0;32mI (40903) BME280: Temperature: 26.93 C, Pressure: 1008.98 hPa, Humidity: 55.87 %[0m
Temperature: 26.93 C, Humidity: 55.87 %, Pressure: 1008.98 hPa
[0;32mI (41883) wifi: Disconnected. Connecting to the AP again...[0m
[0;32mI (42903) BME280: Temperature: 26.93 C, Pressure: 1008.97 hPa, Humidity: 55.93 %[0m
Temperature: 26.93 C, Humidity: 55.93 %, Pressure: 1008.97 hPa
[0;32mI (44303) wifi: Disconnected. Connecting to the AP again...[0m
[0;32mI (44903) BME280: Temperature: 26.93 C, Pressure: 1008.98 hPa, Humidity: 55.90 %[0m
Temperature: 26.93 C, Humidity: 55.90 %, Pressure: 1008.98 hPa
[0;31mE (45883) esp-tls: couldn't get hostname for :thingsboard.cloud: getaddrinfo() returns 202, addrinfo=0x0[0m
[0;31mE (45883) transport_base: Failed to open a new connection: 32769[0m
[0;31mE (45883) mqtt_client: Error transport connect[0m
[0;32mI (45893) mqtt_thingsboard: MQTT_EVENT_DISCONNECTED[0m
[0;32mI (46713) wifi: Disconnected. Connecting to the AP again...[0m
[0;32mI (46903) BME280: Temperature: 26.94 C, Pressure: 1008.99 hPa, Humidity: 55.95 %[0m
Temperature: 26.94 C, Humidity: 55.95 %, Pressure: 1008.99 hPa
[0;32mI (48903) BME280: Temperature: 26.96 C, Pressure: 1009.02 hPa, Humidity: 56.10 %[0m
Temperature: 26.96 C, Humidity: 56.10 %, Pressure: 1009.02 hPa
[0;32mI (49133) wifi: Disconnected. Connecting to the AP again...[0m
[0;32mI (50903) BME280: Temperature: 26.96 C, Pressure: 1008.99 hPa, Humidity: 56.23 %[0m
Temperature: 26.96 C, Humidity: 56.23 %, Pressure: 1008.99 hPa
[0;32mI (51543) wifi: Disconnected. Connecting to the AP again...[0m
[0;32mI (52903) BME280: Temperature: 26.98 C, Pressure: 1008.97 hPa, Humidity: 56.41 %[0m
Temperature: 26.98 C, Humidity: 56.41 %, Pressure: 1008.97 hPa
[0;32mI (53963) wifi: Disconnected. Connecting to the AP again...[0m
[0;32mI (54903) BME280: Temperature: 26.97 C, Pressure: 1008.97 hPa, Humidity: 56.29 %[0m
Temperature: 26.97 C, Humidity: 56.29 %, Pressure: 1008.97 hPa
[0;32mI (56373) wifi: Disconnected. Connecting to the AP again...[0m
[0;32mI (56903) BME280: Temperature: 26.99 C, Pressure: 1009.07 hPa, Humidity: 56.21 %[0m
Temperature: 26.99 C, Humidity: 56.21 %, Pressure: 1009.07 hPa
[0;32mI (58793) wifi: Disconnected. Connecting to the AP again...[0m
[0;32mI (58903) BME280: Temperature: 26.98 C, Pressure: 1008.98 hPa, Humidity: 56.40 %[0m
Temperature: 26.98 C, Humidity: 56.40 %, Pressure: 1008.98 hPa
[0;31mE (60893) esp-tls: couldn't get hostname for :thingsboard.cloud: getaddrinfo() returns 202, addrinfo=0x0[0m
[0;31mE (60893) transport_base: Failed to open a new connection: 32769[0m
[0;31mE (60893) mqtt_client: Error transport connect[0m
[0;32mI (60903) mqtt_thingsboard: MQTT_EVENT_DISCONNECTED[0m
[0;32mI (60903) BME280: Temperature: 27.01 C, Pressure: 1008.95 hPa, Humidity: 56.32 %[0m
Temperature: 27.01 C, Humidity: 56.32 %, Pressure: 1008.95 hPa
[0;32mI (61203) wifi: Disconnected. Connecting to the AP again...[0m
[0;32mI (62923) BME280: Temperature: 27.03 C, Pressure: 1008.98 hPa, Humidity: 56.36 %[0m
Temperature: 27.03 C, Humidity: 56.36 %, Pressure: 1008.98 hPa
[0;32mI (63623) wifi: Disconnected. Connecting to the AP again...[0m
