etssion: v3.1[0m
[0;ï¿½ets Jul 29 2019 12:21:46

rst:0x1 (POWERON_RESET),boot:0x13 (SPI_FAST_FLASH_BOOT)
configsip: 0, SPIWP:0xee
clk_drv:0x00,q_drv:0x00,d_drv:0x00,cs0_drv:0x00,hd_drv:0x00,wp_drv:0x00
mode:DIO, clock div:2
load:0x3fff0030,len:7116
ho 0 tail 12 room 4
load:0x40078000,len:15624
ho 0 tail 12 room 4
load:0x40080400,len:4
load:0x40080404,len:3876
entry 0x4008064c
[0;32mI (33) boot: ESP-IDF v5.1.4-dirty 2nd stage bootloader[0m
[0;32mI (33) boot: compile time Nov  1 2024 18:13:56[0m
[0;32mI (33) boot: Multicore bootloader[0m
[0;32mI (38) boot: chip revision: v3.1[0m
[0;32mI (42) boot.esp32: SPI Speed      : 40MHz[0m
[0;32mI (46) boot.esp32: SPI Mode       : DIO[0m
[0;32mI (51) boot.esp32: SPI Flash Size : 2MB[0m
[0;32mI (55) boot: Enabling RNG early entropy source...[0m
[0;32mI (61) boot: Partition Table:[0m
[0;32mI (64) boot: ## Label            Usage          Type ST Offset   Length[0m
[0;32mI (72) boot:  0 nvs              WiFi data        01 02 00009000 00006000[0m
[0;32mI (79) boot:  1 phy_init         RF data          01 01 0000f000 00001000[0m
[0;32mI (86) boot:  2 factory          factory app      00 00 00010000 00100000[0m
[0;32mI (94) boot: End of partition table[0m
[0;32mI (98) esp_image: segment 0: paddr=00010020 vaddr=3f400020 size=258c8h (153800) map[0m
[0;32mI (162) esp_image: segment 1: paddr=000358f0 vaddr=3ffb0000 size=03c2ch ( 15404) load[0m
[0;32mI (169) esp_image: segment 2: paddr=00039524 vaddr=40080000 size=06af4h ( 27380) load[0m
[0;32mI (180) esp_image: segment 3: paddr=00040020 vaddr=400d0020 size=9c2ach (639660) map[0m
[0;32mI (411) esp_image: segment 4: paddr=000dc2d4 vaddr=40086af4 size=109b4h ( 68020) load[0m
[0;32mI (451) boot: Loaded app from partition at offset 0x10000[0m
[0;32mI (452) boot: Disabling RNG early entropy source...[0m
[0;32mI (463) cpu_start: Multicore app[0m
[0;32mI (463) cpu_start: Pro cpu up.[0m
[0;32mI (464) cpu_start: Starting app cpu, entry point is 0x40081498[0m
[0;32mI (0) cpu_start: App cpu up.[0m
[0;32mI (481) cpu_start: Pro cpu start user code[0m
[0;32mI (481) cpu_start: cpu freq: 160000000 Hz[0m
[0;32mI (481) cpu_start: Application information:[0m
[0;32mI (486) cpu_start: Project name:     air_sense[0m
[0;32mI (491) cpu_start: App version:      1[0m
[0;32mI (496) cpu_start: Compile time:     Nov  1 2024 18:13:40[0m
[0;32mI (502) cpu_start: ELF file SHA256:  38cb34e4b5da3e1e...[0m
[0;32mI (508) cpu_start: ESP-IDF:          v5.1.4-dirty[0m
[0;32mI (513) cpu_start: Min chip rev:     v0.0[0m
[0;32mI (518) cpu_start: Max chip rev:     v3.99 [0m
[0;32mI (523) cpu_start: Chip rev:         v3.1[0m
[0;32mI (528) heap_init: Initializing. RAM available for dynamic allocation:[0m
[0;32mI (535) heap_init: At 3FFAE6E0 len 00001920 (6 KiB): DRAM[0m
[0;32mI (541) heap_init: At 3FFB82D0 len 00027D30 (159 KiB): DRAM[0m
[0;32mI (547) heap_init: At 3FFE0440 len 00003AE0 (14 KiB): D/IRAM[0m
[0;32mI (553) heap_init: At 3FFE4350 len 0001BCB0 (111 KiB): D/IRAM[0m
[0;32mI (560) heap_init: At 400974A8 len 00008B58 (34 KiB): IRAM[0m
[0;32mI (567) spi_flash: detected chip: generic[0m
[0;32mI (571) spi_flash: flash io: dio[0m
[0;33mW (574) spi_flash: Detected size(4096k) larger than the size in the binary image header(2048k). Using the size in the binary image header.[0m
[0;32mI (589) app_start: Starting scheduler on CPU0[0m
[0;32mI (593) app_start: Starting scheduler on CPU1[0m
[0;32mI (593) main_task: Started on CPU0[0m
[0;32mI (603) main_task: Calling app_main()[0m
I (653) wifi:wifi driver task: 3ffc0248, prio:23, stack:6656, core=0
I (663) wifi:wifi firmware version: 3ce09e5
I (673) wifi:wifi certification version: v7.0
I (673) wifi:config NVS flash: enabled
I (673) wifi:config nano formating: disabled
I (673) wifi:Init data frame dynamic rx buffer num: 32
I (673) wifi:Init static rx mgmt buffer num: 5
I (683) wifi:Init management short buffer num: 32
I (683) wifi:Init dynamic tx buffer num: 32
I (693) wifi:Init static rx buffer size: 1600
I (693) wifi:Init static rx buffer num: 10
I (693) wifi:Init dynamic rx buffer num: 32
[0;32mI (703) wifi_init: rx ba win: 6[0m
[0;32mI (703) wifi_init: tcpip mbox: 32[0m
[0;32mI (713) wifi_init: udp mbox: 6[0m
[0;32mI (713) wifi_init: tcp mbox: 6[0m
[0;32mI (713) wifi_init: tcp tx win: 5760[0m
[0;32mI (723) wifi_init: tcp rx win: 5760[0m
[0;32mI (723) wifi_init: tcp mss: 1440[0m
[0;32mI (733) wifi_init: WiFi IRAM OP enabled[0m
[0;32mI (733) wifi_init: WiFi RX IRAM OP enabled[0m
[0;32mI (813) phy_init: phy_version 4791,2c4672b,Dec 20 2023,16:06:06[0m
I (903) wifi:mode : sta (10:06:1c:86:c0:88)
I (913) wifi:enable tsf
[0;31mE (923) esp-tls: couldn't get hostname for :thingsboard.cloud: getaddrinfo() returns 202, addrinfo=0x0[0m
[0;31mE (923) transport_base: Failed to open a new connection: 32769[0m
[0;31mE (923) mqtt_client: Error transport connect[0m
[0;32mI (933) mqtt_thingsboard: MQTT_EVENT_DISCONNECTED[0m
[0;32mI (943) BME280: BME280 initialized successfully[0m
[0;32mI (943) BME280: Temperature: 27.53 C, Pressure: 1009.12 hPa, Humidity: 52.89 %[0m
Temperature: 27.53 C, Humidity: 52.89 %, Pressure: 1009.12 hPa
I (1533) wifi:new:<6,0>, old:<1,0>, ap:<255,255>, sta:<6,0>, prof:1
I (1533) wifi:state: init -> auth (b0)
I (2813) wifi:state: auth -> assoc (0)
I (2823) wifi:state: assoc -> run (10)
I (2883) wifi:connected with Hiep, aid = 1, channel 6, BW20, bssid = de:38:f1:9f:f1:7b
I (2883) wifi:security: WPA3-SAE, phy: bgn, rssi: -48
I (2903) wifi:pm start, type: 1

I (2903) wifi:dp: 1, bi: 102400, li: 3, scale listen interval from 307200 us to 307200 us
I (2953) wifi:AP's beacon interval = 102400 us, DTIM period = 3
[0;32mI (2953) BME280: Temperature: 27.55 C, Pressure: 1009.07 hPa, Humidity: 52.90 %[0m
Temperature: 27.55 C, Humidity: 52.90 %, Pressure: 1009.07 hPa
I (3063) wifi:<ba-add>idx:0 (ifx:0, de:38:f1:9f:f1:7b), tid:0, ssn:2, winSize:64
[0;32mI (3913) esp_netif_handlers: sta ip: 172.20.10.2, mask: 255.255.255.240, gw: 172.20.10.1[0m
[0;32mI (3913) wifi: got ip:172.20.10.2
[0m
[0;32mI (4963) BME280: Temperature: 27.61 C, Pressure: 1009.05 hPa, Humidity: 52.86 %[0m
Temperature: 27.61 C, Humidity: 52.86 %, Pressure: 1009.05 hPa
[0;32mI (6963) BME280: Temperature: 27.65 C, Pressure: 1009.09 hPa, Humidity: 52.74 %[0m
Temperature: 27.65 C, Humidity: 52.74 %, Pressure: 1009.09 hPa
[0;32mI (8963) BME280: Temperature: 27.67 C, Pressure: 1009.04 hPa, Humidity: 52.61 %[0m
Temperature: 27.67 C, Humidity: 52.61 %, Pressure: 1009.04 hPa
[0;32mI (10963) BME280: Temperature: 27.71 C, Pressure: 1009.11 hPa, Humidity: 52.56 %[0m
Temperature: 27.71 C, Humidity: 52.56 %, Pressure: 1009.11 hPa
[0;32mI (12963) BME280: Temperature: 27.72 C, Pressure: 1009.13 hPa, Humidity: 52.50 %[0m
Temperature: 27.72 C, Humidity: 52.50 %, Pressure: 1009.13 hPa
[0;32mI (14963) BME280: Temperature: 27.77 C, Pressure: 1009.10 hPa, Humidity: 52.43 %[0m
Temperature: 27.77 C, Humidity: 52.43 %, Pressure: 1009.10 hPa
[0;32mI (16963) BME280: Temperature: 27.72 C, Pressure: 1009.07 hPa, Humidity: 52.35 %[0m
Temperature: 27.72 C, Humidity: 52.35 %, Pressure: 1009.07 hPa
[0;32mI (17193) mqtt_thingsboard: MQTT_EVENT_CONNECTED[0m
[0;32mI (19193) BME280: Temperature: 27.73 C, Pressure: 1009.07 hPa, Humidity: 52.28 %[0m
Temperature: 27.73 C, Humidity: 52.28 %, Pressure: 1009.07 hPa
[0;32mI (21193) BME280: Temperature: 27.79 C, Pressure: 1009.11 hPa, Humidity: 52.33 %[0m
Temperature: 27.79 C, Humidity: 52.33 %, Pressure: 1009.11 hPa
[0;32mI (23193) BME280: Temperature: 27.80 C, Pressure: 1009.10 hPa, Humidity: 52.33 %[0m
Temperature: 27.80 C, Humidity: 52.33 %, Pressure: 1009.10 hPa
[0;32mI (25193) BME280: Temperature: 27.82 C, Pressure: 1009.10 hPa, Humidity: 52.36 %[0m
Temperature: 27.82 C, Humidity: 52.36 %, Pressure: 1009.10 hPa
[0;32mI (27203) BME280: Temperature: 27.85 C, Pressure: 1009.10 hPa, Humidity: 52.09 %[0m
Temperature: 27.85 C, Humidity: 52.09 %, Pressure: 1009.10 hPa
[0;32mI (29213) BME280: Temperature: 27.89 C, Pressure: 1009.16 hPa, Humidity: 51.95 %[0m
Temperature: 27.89 C, Humidity: 51.95 %, Pressure: 1009.16 hPa
[0;32mI (31223) BME280: Temperature: 27.92 C, Pressure: 1009.11 hPa, Humidity: 51.95 %[0m
Temperature: 27.92 C, Humidity: 51.95 %, Pressure: 1009.11 hPa
[0;32mI (33233) BME280: Temperature: 27.92 C, Pressure: 1009.19 hPa, Humidity: 51.98 %[0m
Temperature: 27.92 C, Humidity: 51.98 %, Pressure: 1009.19 hPa
[0;32mI (35243) BME280: Temperature: 27.95 C, Pressure: 1009.11 hPa, Humidity: 51.90 %[0m
Temperature: 27.95 C, Humidity: 51.90 %, Pressure: 1009.11 hPa
[0;32mI (37253) BME280: Temperature: 27.97 C, Pressure: 1009.08 hPa, Humidity: 51.82 %[0m
Temperature: 27.97 C, Humidity: 51.82 %, Pressure: 1009.08 hPa
[0;32mI (39263) BME280: Temperature: 27.98 C, Pressure: 1009.15 hPa, Humidity: 51.85 %[0m
Temperature: 27.98 C, Humidity: 51.85 %, Pressure: 1009.15 hPa
[0;32mI (41273) BME280: Temperature: 28.03 C, Pressure: 1009.07 hPa, Humidity: 51.81 %[0m
Temperature: 28.03 C, Humidity: 51.81 %, Pressure: 1009.07 hPa
[0;32mI (43283) BME280: Temperature: 28.08 C, Pressure: 1009.16 hPa, Humidity: 51.58 %[0m
Temperature: 28.08 C, Humidity: 51.58 %, Pressure: 1009.16 hPa
[0;32mI (45293) BME280: Temperature: 29.49 C, Pressure: 1008.98 hPa, Humidity: 54.92 %[0m
Temperature: 29.49 C, Humidity: 54.92 %, Pressure: 1008.98 hPa
[0;32mI (47303) BME280: Temperature: 28.69 C, Pressure: 1009.12 hPa, Humidity: 52.80 %[0m
Temperature: 28.69 C, Humidity: 52.80 %, Pressure: 1009.12 hPa
[0;32mI (49313) BME280: Temperature: 28.57 C, Pressure: 1009.07 hPa, Humidity: 51.70 %[0m
Temperature: 28.57 C, Humidity: 51.70 %, Pressure: 1009.07 hPa
[0;32mI (51323) BME280: Temperature: 28.43 C, Pressure: 1009.14 hPa, Humidity: 51.20 %[0m
Temperature: 28.43 C, Humidity: 51.20 %, Pressure: 1009.14 hPa
[0;32mI (53333) BME280: Temperature: 28.31 C, Pressure: 1009.13 hPa, Humidity: 51.00 %[0m
Temperature: 28.31 C, Humidity: 51.00 %, Pressure: 1009.13 hPa
[0;32mI (55343) BME280: Temperature: 28.28 C, Pressure: 1009.13 hPa, Humidity: 50.92 %[0m
Temperature: 28.28 C, Humidity: 50.92 %, Pressure: 1009.13 hPa
[0;32mI (57353) BME280: Temperature: 28.26 C, Pressure: 1009.11 hPa, Humidity: 51.00 %[0m
Temperature: 28.26 C, Humidity: 51.00 %, Pressure: 1009.11 hPa
[0;32mI (59363) BME280: Temperature: 28.15 C, Pressure: 1009.14 hPa, Humidity: 51.04 %[0m
Temperature: 28.15 C, Humidity: 51.04 %, Pressure: 1009.14 hPa
[0;32mI (61373) BME280: Temperature: 28.14 C, Pressure: 1009.16 hPa, Humidity: 51.19 %[0m
Temperature: 28.14 C, Humidity: 51.19 %, Pressure: 1009.16 hPa
[0;32mI (63383) BME280: Temperature: 28.14 C, Pressure: 1009.12 hPa, Humidity: 51.51 %[0m
Temperature: 28.14 C, Humidity: 51.51 %, Pressure: 1009.12 hPa
[0;32mI (65393) BME280: Temperature: 28.12 C, Pressure: 1009.14 hPa, Humidity: 51.72 %[0m
Temperature: 28.12 C, Humidity: 51.72 %, Pressure: 1009.14 hPa
[0;32mI (67403) BME280: Temperature: 28.12 C, Pressure: 1009.14 hPa, Humidity: 51.82 %[0m
Temperature: 28.12 C, Humidity: 51.82 %, Pressure: 1009.14 hPa
[0;32mI (69413) BME280: Temperature: 28.12 C, Pressure: 1009.15 hPa, Humidity: 51.99 %[0m
Temperature: 28.12 C, Humidity: 51.99 %, Pressure: 1009.15 hPa
[0;32mI (71423) BME280: Temperature: 28.09 C, Pressure: 1009.15 hPa, Humidity: 52.29 %[0m
Temperature: 28.09 C, Humidity: 52.29 %, Pressure: 1009.15 hPa
[0;32mI (73433) BME280: Temperature: 28.11 C, Pressure: 1009.11 hPa, Humidity: 52.43 %[0m
Temperature: 28.11 C, Humidity: 52.43 %, Pressure: 1009.11 hPa
[0;32mI (75443) BME280: Temperature: 28.09 C, Pressure: 1009.13 hPa, Humidity: 52.49 %[0m
Temperature: 28.09 C, Humidity: 52.49 %, Pressure: 1009.13 hPa
[0;32mI (77453) BME280: Temperature: 28.12 C, Pressure: 1009.06 hPa, Humidity: 52.63 %[0m
Temperature: 28.12 C, Humidity: 52.63 %, Pressure: 1009.06 hPa
[0;32mI (79463) BME280: Temperature: 28.09 C, Pressure: 1009.16 hPa, Humidity: 52.70 %[0m
Temperature: 28.09 C, Humidity: 52.70 %, Pressure: 1009.16 hPa
[0;32mI (81473) BME280: Temperature: 28.08 C, Pressure: 1009.07 hPa, Humidity: 52.75 %[0m
Temperature: 28.08 C, Humidity: 52.75 %, Pressure: 1009.07 hPa
[0;32mI (83483) BME280: Temperature: 28.05 C, Pressure: 1009.11 hPa, Humidity: 52.84 %[0m
Temperature: 28.05 C, Humidity: 52.84 %, Pressure: 1009.11 hPa
[0;32mI (85493) BME280: Temperature: 28.06 C, Pressure: 1009.05 hPa, Humidity: 52.82 %[0m
Temperature: 28.06 C, Humidity: 52.82 %, Pressure: 1009.05 hPa
[0;32mI (87503) BME280: Temperature: 28.06 C, Pressure: 1009.10 hPa, Humidity: 52.84 %[0m
Temperature: 28.06 C, Humidity: 52.84 %, Pressure: 1009.10 hPa
[0;32mI (89513) BME280: Temperature: 28.05 C, Pressure: 1009.11 hPa, Humidity: 52.88 %[0m
Temperature: 28.05 C, Humidity: 52.88 %, Pressure: 1009.11 hPa
[0;32mI (91523) BME280: Temperature: 28.06 C, Pressure: 1009.12 hPa, Humidity: 52.87 %[0m
Temperature: 28.06 C, Humidity: 52.87 %, Pressure: 1009.12 hPa
[0;32mI (93533) BME280: Temperature: 28.05 C, Pressure: 1009.11 hPa, Humidity: 53.00 %[0m
Temperature: 28.05 C, Humidity: 53.00 %, Pressure: 1009.11 hPa
[0;32mI (95543) BME280: Temperature: 28.05 C, Pressure: 1009.14 hPa, Humidity: 53.11 %[0m
Temperature: 28.05 C, Humidity: 53.11 %, Pressure: 1009.14 hPa
[0;32mI (97553) BME280: Temperature: 28.05 C, Pressure: 1009.11 hPa, Humidity: 53.12 %[0m
Temperature: 28.05 C, Humidity: 53.12 %, Pressure: 1009.11 hPa
[0;32mI (99563) BME280: Temperature: 28.07 C, Pressure: 1009.12 hPa, Humidity: 53.09 %[0m
Temperature: 28.07 C, Humidity: 53.09 %, Pressure: 1009.12 hPa
[0;32mI (101573) BME280: Temperature: 28.03 C, Pressure: 1009.10 hPa, Humidity: 53.15 %[0m
Temperature: 28.03 C, Humidity: 53.15 %, Pressure: 1009.10 hPa
[0;32mI (103583) BME280: Temperature: 28.03 C, Pressure: 1009.13 hPa, Humidity: 53.16 %[0m
Temperature: 28.03 C, Humidity: 53.16 %, Pressure: 1009.13 hPa
[0;32mI (105593) BME280: Temperature: 28.05 C, Pressure: 1009.19 hPa, Humidity: 53.15 %[0m
Temperature: 28.05 C, Humidity: 53.15 %, Pressure: 1009.19 hPa
[0;32mI (107603) BME280: Temperature: 28.05 C, Pressure: 1009.20 hPa, Humidity: 53.17 %[0m
Temperature: 28.05 C, Humidity: 53.17 %, Pressure: 1009.20 hPa
[0;32mI (109613) BME280: Temperature: 28.03 C, Pressure: 1009.16 hPa, Humidity: 53.26 %[0m
Temperature: 28.03 C, Humidity: 53.26 %, Pressure: 1009.16 hPa
[0;32mI (111623) BME280: Temperature: 28.03 C, Pressure: 1009.21 hPa, Humidity: 53.31 %[0m
Temperature: 28.03 C, Humidity: 53.31 %, Pressure: 1009.21 hPa
[0;32mI (113633) BME280: Temperature: 28.01 C, Pressure: 1009.16 hPa, Humidity: 53.24 %[0m
Temperature: 28.01 C, Humidity: 53.24 %, Pressure: 1009.16 hPa
[0;32mI (115643) BME280: Temperature: 28.01 C, Pressure: 1009.18 hPa, Humidity: 53.27 %[0m
Temperature: 28.01 C, Humidity: 53.27 %, Pressure: 1009.18 hPa
[0;32mI (117653) BME280: Temperature: 28.01 C, Pressure: 1009.13 hPa, Humidity: 53.17 %[0m
Temperature: 28.01 C, Humidity: 53.17 %, Pressure: 1009.13 hPa
[0;32mI (119663) BME280: Temperature: 28.05 C, Pressure: 1009.14 hPa, Humidity: 53.28 %[0m
Temperature: 28.05 C, Humidity: 53.28 %, Pressure: 1009.14 hPa
[0;32mI (121673) BME280: Temperature: 28.04 C, Pressure: 1009.17 hPa, Humidity: 53.40 %[0m
Temperature: 28.04 C, Humidity: 53.40 %, Pressure: 1009.17 hPa
[0;32mI (123683) BME280: Temperature: 28.06 C, Pressure: 1009.15 hPa, Humidity: 53.43 %[0m
Temperature: 28.06 C, Humidity: 53.43 %, Pressure: 1009.15 hPa
[0;32mI (125693) BME280: Temperature: 28.06 C, Pressure: 1009.12 hPa, Humidity: 53.31 %[0m
Temperature: 28.06 C, Humidity: 53.31 %, Pressure: 1009.12 hPa
[0;32mI (127703) BME280: Temperature: 28.04 C, Pressure: 1009.13 hPa, Humidity: 53.29 %[0m
Temperature: 28.04 C, Humidity: 53.29 %, Pressure: 1009.13 hPa
[0;32mI (129713) BME280: Temperature: 28.04 C, Pressure: 1009.23 hPa, Humidity: 53.29 %[0m
Temperature: 28.04 C, Humidity: 53.29 %, Pressure: 1009.23 hPa
[0;32mI (131723) BME280: Temperature: 28.05 C, Pressure: 1009.16 hPa, Humidity: 53.26 %[0m
Temperature: 28.05 C, Humidity: 53.26 %, Pressure: 1009.16 hPa
[0;32mI (133733) BME280: Temperature: 28.06 C, Pressure: 1009.16 hPa, Humidity: 53.29 %[0m
Temperature: 28.06 C, Humidity: 53.29 %, Pressure: 1009.16 hPa
[0;32mI (135743) BME280: Temperature: 28.05 C, Pressure: 1009.13 hPa, Humidity: 53.37 %[0m
Temperature: 28.05 C, Humidity: 53.37 %, Pressure: 1009.13 hPa
[0;32mI (137753) BME280: Temperature: 28.05 C, Pressure: 1009.13 hPa, Humidity: 53.20 %[0m
Temperature: 28.05 C, Humidity: 53.20 %, Pressure: 1009.13 hPa
[0;32mI (139763) BME280: Temperature: 28.06 C, Pressure: 1009.18 hPa, Humidity: 53.27 %[0m
Temperature: 28.06 C, Humidity: 53.27 %, Pressure: 1009.18 hPa
[0;32mI (141763) BME280: Temperature: 28.05 C, Pressure: 1009.14 hPa, Humidity: 53.25 %[0m
Temperature: 28.05 C, Humidity: 53.25 %, Pressure: 1009.14 hPa
[0;32mI (143773) BME280: Temperature: 28.04 C, Pressure: 1009.17 hPa, Humidity: 53.24 %[0m
Temperature: 28.04 C, Humidity: 53.24 %, Pressure: 1009.17 hPa
[0;32mI (145783) BME280: Temperature: 28.04 C, Pressure: 1009.17 hPa, Humidity: 53.31 %[0m
Temperature: 28.04 C, Humidity: 53.31 %, Pressure: 1009.17 hPa
[0;32mI (147793) BME280: Temperature: 28.04 C, Pressure: 1009.17 hPa, Humidity: 53.25 %[0m
Temperature: 28.04 C, Humidity: 53.25 %, Pressure: 1009.17 hPa
[0;32mI (149803) BME280: Temperature: 28.03 C, Pressure: 1009.15 hPa, Humidity: 53.32 %[0m
Temperature: 28.03 C, Humidity: 53.32 %, Pressure: 1009.15 hPa
[0;32mI (151813) BME280: Temperature: 28.04 C, Pressure: 1009.12 hPa, Humidity: 53.39 %[0m
Temperature: 28.04 C, Humidity: 53.39 %, Pressure: 1009.12 hPa
[0;32mI (153823) BME280: Temperature: 28.01 C, Pressure: 1009.18 hPa, Humidity: 53.49 %[0m
Temperature: 28.01 C, Humidity: 53.49 %, Pressure: 1009.18 hPa
[0;32mI (155833) BME280: Temperature: 28.03 C, Pressure: 1009.14 hPa, Humidity: 53.46 %[0m
Temperature: 28.03 C, Humidity: 53.46 %, Pressure: 1009.14 hPa
[0;32mI (157833) BME280: Temperature: 28.02 C, Pressure: 1009.12 hPa, Humidity: 53.35 %[0m
Temperature: 28.02 C, Humidity: 53.35 %, Pressure: 1009.12 hPa
[0;32mI (159843) BME280: Temperature: 28.01 C, Pressure: 1009.13 hPa, Humidity: 53.44 %[0m
Temperature: 28.01 C, Humidity: 53.44 %, Pressure: 1009.13 hPa
[0;32mI (161853) BME280: Temperature: 28.00 C, Pressure: 1009.11 hPa, Humidity: 53.39 %[0m
Temperature: 28.00 C, Humidity: 53.39 %, Pressure: 1009.11 hPa
[0;32mI (163863) BME280: Temperature: 28.01 C, Pressure: 1009.20 hPa, Humidity: 53.44 %[0m
Temperature: 28.01 C, Humidity: 53.44 %, Pressure: 1009.20 hPa
[0;32mI (165873) BME280: Temperature: 28.00 C, Pressure: 1009.16 hPa, Humidity: 53.46 %[0m
Temperature: 28.00 C, Humidity: 53.46 %, Pressure: 1009.16 hPa
[0;32mI (167883) BME280: Temperature: 28.01 C, Pressure: 1009.18 hPa, Humidity: 53.47 %[0m
Temperature: 28.01 C, Humidity: 53.47 %, Pressure: 1009.18 hPa
[0;32mI (169893) BME280: Temperature: 28.02 C, Pressure: 1009.17 hPa, Humidity: 53.38 %[0m
Temperature: 28.02 C, Humidity: 53.38 %, Pressure: 1009.17 hPa
[0;32mI (171903) BME280: Temperature: 28.04 C, Pressure: 1009.18 hPa, Humidity: 53.41 %[0m
Temperature: 28.04 C, Humidity: 53.41 %, Pressure: 1009.18 hPa
[0;32mI (173913) BME280: Temperature: 28.03 C, Pressure: 1009.15 hPa, Humidity: 53.71 %[0m
Temperature: 28.03 C, Humidity: 53.71 %, Pressure: 1009.15 hPa
[0;32mI (175923) BME280: Temperature: 28.03 C, Pressure: 1009.21 hPa, Humidity: 53.72 %[0m
Temperature: 28.03 C, Humidity: 53.72 %, Pressure: 1009.21 hPa
[0;32mI (177933) BME280: Temperature: 28.03 C, Pressure: 1009.16 hPa, Humidity: 53.79 %[0m
Temperature: 28.03 C, Humidity: 53.79 %, Pressure: 1009.16 hPa
[0;32mI (179943) BME280: Temperature: 28.03 C, Pressure: 1009.19 hPa, Humidity: 53.66 %[0m
Temperature: 28.03 C, Humidity: 53.66 %, Pressure: 1009.19 hPa
[0;32mI (181953) BME280: Temperature: 27.99 C, Pressure: 1009.14 hPa, Humidity: 53.74 %[0m
Temperature: 27.99 C, Humidity: 53.74 %, Pressure: 1009.14 hPa
[0;32mI (183963) BME280: Temperature: 28.01 C, Pressure: 1009.18 hPa, Humidity: 53.74 %[0m
Temperature: 28.01 C, Humidity: 53.74 %, Pressure: 1009.18 hPa
[0;32mI (185973) BME280: Temperature: 27.98 C, Pressure: 1009.18 hPa, Humidity: 53.63 %[0m
Temperature: 27.98 C, Humidity: 53.63 %, Pressure: 1009.18 hPa
[0;32mI (187983) BME280: Temperature: 28.00 C, Pressure: 1009.19 hPa, Humidity: 53.67 %[0m
Temperature: 28.00 C, Humidity: 53.67 %, Pressure: 1009.19 hPa
[0;32mI (189993) BME280: Temperature: 27.99 C, Pressure: 1009.25 hPa, Humidity: 53.71 %[0m
Temperature: 27.99 C, Humidity: 53.71 %, Pressure: 1009.25 hPa
[0;32mI (192003) BME280: Temperature: 28.00 C, Pressure: 1009.21 hPa, Humidity: 53.63 %[0m
Temperature: 28.00 C, Humidity: 53.63 %, Pressure: 1009.21 hPa
[0;32mI (194013) BME280: Temperature: 28.00 C, Pressure: 1009.17 hPa, Humidity: 53.60 %[0m
Temperature: 28.00 C, Humidity: 53.60 %, Pressure: 1009.17 hPa
[0;32mI (196023) BME280: Temperature: 28.00 C, Pressure: 1009.21 hPa, Humidity: 53.66 %[0m
Temperature: 28.00 C, Humidity: 53.66 %, Pressure: 1009.21 hPa
[0;32mI (198033) BME280: Temperature: 28.02 C, Pressure: 1009.19 hPa, Humidity: 53.70 %[0m
Temperature: 28.02 C, Humidity: 53.70 %, Pressure: 1009.19 hPa
[0;32mI (200043) BME280: Temperature: 28.00 C, Pressure: 1009.25 hPa, Humidity: 53.67 %[0m
Temperature: 28.00 C, Humidity: 53.67 %, Pressure: 1009.25 hPa
